// Jest Snapshot v1, https://goo.gl/fbAQLP

exports[`App renders without crashing 1`] = `
ShallowWrapper {
  "length": 1,
  Symbol(enzyme.__root__): [Circular],
  Symbol(enzyme.__unrendered__): <App
    lat={19.0759837}
    lng={72.8776559}
    weather={Object {}}
/>,
  Symbol(enzyme.__renderer__): Object {
    "batchedUpdates": [Function],
    "getNode": [Function],
    "render": [Function],
    "simulateEvent": [Function],
    "unmount": [Function],
  },
  Symbol(enzyme.__node__): Object {
    "instance": null,
    "key": undefined,
    "nodeType": "host",
    "props": Object {
      "children": Array [
        <ModalComponent
          closeModal={[Function]}
          isOpen={undefined}
          lat={19.0759837}
          lng={72.8776559}
/>,
        <div
          className="headerDiv"
>
          <h3
                    className="title"
          >
                    Weather Prediction App
          </h3>
</div>,
        <Connect(AutocompleteBox) />,
        <withScriptjs(withGoogleMap(Mapsfunction))
          containerElement={
                    <div
                              style={
                                        Object {
                                                  "height": "800px",
                                                }
                              }
                    />
          }
          googleMapURL="https://maps.googleapis.com/maps/api/js?key=AIzaSyC4R6AN7SmujjPUIGKdyao2Kqitzr1kiRg&v=3.exp&libraries=geometry,drawing,places"
          isMarkerShown={true}
          lat={19.0759837}
          lng={72.8776559}
          loadingElement={
                    <div
                              style={
                                        Object {
                                                  "height": "100%",
                                                }
                              }
                    />
          }
          mapElement={
                    <div
                              style={
                                        Object {
                                                  "height": "100%",
                                                }
                              }
                    />
          }
          onMarkerClick={[Function]}
/>,
      ],
    },
    "ref": null,
    "rendered": Array [
      Object {
        "instance": null,
        "key": undefined,
        "nodeType": "class",
        "props": Object {
          "closeModal": [Function],
          "isOpen": undefined,
          "lat": 19.0759837,
          "lng": 72.8776559,
        },
        "ref": null,
        "rendered": null,
        "type": [Function],
      },
      Object {
        "instance": null,
        "key": undefined,
        "nodeType": "host",
        "props": Object {
          "children": <h3
            className="title"
>
            Weather Prediction App
</h3>,
          "className": "headerDiv",
        },
        "ref": null,
        "rendered": Object {
          "instance": null,
          "key": undefined,
          "nodeType": "host",
          "props": Object {
            "children": "Weather Prediction App",
            "className": "title",
          },
          "ref": null,
          "rendered": "Weather Prediction App",
          "type": "h3",
        },
        "type": "div",
      },
      Object {
        "instance": null,
        "key": undefined,
        "nodeType": "class",
        "props": Object {},
        "ref": null,
        "rendered": null,
        "type": [Function],
      },
      Object {
        "instance": null,
        "key": undefined,
        "nodeType": "class",
        "props": Object {
          "containerElement": <div
            style={
                        Object {
                                    "height": "800px",
                                  }
            }
/>,
          "googleMapURL": "https://maps.googleapis.com/maps/api/js?key=AIzaSyC4R6AN7SmujjPUIGKdyao2Kqitzr1kiRg&v=3.exp&libraries=geometry,drawing,places",
          "isMarkerShown": true,
          "lat": 19.0759837,
          "lng": 72.8776559,
          "loadingElement": <div
            style={
                        Object {
                                    "height": "100%",
                                  }
            }
/>,
          "mapElement": <div
            style={
                        Object {
                                    "height": "100%",
                                  }
            }
/>,
          "onMarkerClick": [Function],
        },
        "ref": null,
        "rendered": null,
        "type": [Function],
      },
    ],
    "type": "div",
  },
  Symbol(enzyme.__nodes__): Array [
    Object {
      "instance": null,
      "key": undefined,
      "nodeType": "host",
      "props": Object {
        "children": Array [
          <ModalComponent
            closeModal={[Function]}
            isOpen={undefined}
            lat={19.0759837}
            lng={72.8776559}
/>,
          <div
            className="headerDiv"
>
            <h3
                        className="title"
            >
                        Weather Prediction App
            </h3>
</div>,
          <Connect(AutocompleteBox) />,
          <withScriptjs(withGoogleMap(Mapsfunction))
            containerElement={
                        <div
                                    style={
                                                Object {
                                                            "height": "800px",
                                                          }
                                    }
                        />
            }
            googleMapURL="https://maps.googleapis.com/maps/api/js?key=AIzaSyC4R6AN7SmujjPUIGKdyao2Kqitzr1kiRg&v=3.exp&libraries=geometry,drawing,places"
            isMarkerShown={true}
            lat={19.0759837}
            lng={72.8776559}
            loadingElement={
                        <div
                                    style={
                                                Object {
                                                            "height": "100%",
                                                          }
                                    }
                        />
            }
            mapElement={
                        <div
                                    style={
                                                Object {
                                                            "height": "100%",
                                                          }
                                    }
                        />
            }
            onMarkerClick={[Function]}
/>,
        ],
      },
      "ref": null,
      "rendered": Array [
        Object {
          "instance": null,
          "key": undefined,
          "nodeType": "class",
          "props": Object {
            "closeModal": [Function],
            "isOpen": undefined,
            "lat": 19.0759837,
            "lng": 72.8776559,
          },
          "ref": null,
          "rendered": null,
          "type": [Function],
        },
        Object {
          "instance": null,
          "key": undefined,
          "nodeType": "host",
          "props": Object {
            "children": <h3
              className="title"
>
              Weather Prediction App
</h3>,
            "className": "headerDiv",
          },
          "ref": null,
          "rendered": Object {
            "instance": null,
            "key": undefined,
            "nodeType": "host",
            "props": Object {
              "children": "Weather Prediction App",
              "className": "title",
            },
            "ref": null,
            "rendered": "Weather Prediction App",
            "type": "h3",
          },
          "type": "div",
        },
        Object {
          "instance": null,
          "key": undefined,
          "nodeType": "class",
          "props": Object {},
          "ref": null,
          "rendered": null,
          "type": [Function],
        },
        Object {
          "instance": null,
          "key": undefined,
          "nodeType": "class",
          "props": Object {
            "containerElement": <div
              style={
                            Object {
                                          "height": "800px",
                                        }
              }
/>,
            "googleMapURL": "https://maps.googleapis.com/maps/api/js?key=AIzaSyC4R6AN7SmujjPUIGKdyao2Kqitzr1kiRg&v=3.exp&libraries=geometry,drawing,places",
            "isMarkerShown": true,
            "lat": 19.0759837,
            "lng": 72.8776559,
            "loadingElement": <div
              style={
                            Object {
                                          "height": "100%",
                                        }
              }
/>,
            "mapElement": <div
              style={
                            Object {
                                          "height": "100%",
                                        }
              }
/>,
            "onMarkerClick": [Function],
          },
          "ref": null,
          "rendered": null,
          "type": [Function],
        },
      ],
      "type": "div",
    },
  ],
  Symbol(enzyme.__options__): Object {
    "adapter": ReactSixteenAdapter {
      "options": Object {
        "enableComponentDidUpdateOnSetState": true,
      },
    },
  },
}
`;
